python : Creating test 
database for alias 
'default' ('file:memorydb_
default?mode=memory&cache=
shared')...
At line:1 char:1
+ python manage.py test 
--noinput --failfast 
--verbosity 2 2>&1 | 
Out-F ...
+ ~~~~~~~~~~~~~~~~~~~~~~~~
~~~~~~~~~~~~~~~~~~~~~~~~~~
~~~~~~~~~~~
    + CategoryInfo        
      : NotSpecified: (C  
  reating test d...che=   
 shared')...:String) [    
], RemoteException
    + FullyQualifiedError 
   Id : NativeCommandErr  
  or
 

Found 9 test(s).
Operations to perform:
  Synchronize unmigrated apps: messages, staticfiles
  Apply all migrations: admin, auth, contenttypes, core, sessions
Synchronizing apps without migrations:
  Creating tables...
    Running deferred SQL...
Running migrations:
  Applying contenttypes.0001_initial... OK
  Applying auth.0001_initial... OK
  Applying admin.0001_initial... OK
  Applying admin.0002_logentry_remove_auto_add... OK
  Applying admin.0003_logentry_add_action_flag_choices... OK
  Applying contenttypes.0002_remove_content_type_name... OK
  Applying auth.0002_alter_permission_name_max_length... OK
  Applying auth.0003_alter_user_email_max_length... OK
  Applying auth.0004_alter_user_username_opts... OK
  Applying auth.0005_alter_user_last_login_null... OK
  Applying auth.0006_require_contenttypes_0002... OK
  Applying auth.0007_alter_validators_add_error_messages... OK
  Applying auth.0008_alter_user_username_max_length... OK
  Applying auth.0009_alter_user_last_name_max_length... OK
  Applying auth.0010_alter_group_name_max_length... OK
  Applying auth.0011_update_proxy_permissions... OK
  Applying auth.0012_alter_user_first_name_max_length... OK
  Applying core.0001_initial... OK
  Applying core.0002_alter_enquiry_mobile_number... OK
  Applying core.0003_coach_galleryimage_alter_enquiry_options... OK
  Applying sessions.0001_initial... OK
System check identified no issues (0 silenced).
test_coach_creation (core.
tests.RockstarModelTests.t
est_coach_creation) ... ok
test_enquiry_creation (cor
e.tests.RockstarModelTests
.test_enquiry_creation) 
... ok
test_gallery_image_creatio
n (core.tests.RockstarMode
lTests.test_gallery_image_
creation) ... ok
test_coaches_loads (core.t
ests.RockstarViewTests.tes
t_coaches_loads) ... C:\Us
ers\DELL\AppData\Local\Pac
kages\PythonSoftwareFounda
tion.Python.3.11_qbz5n2kfr
a8p0\LocalCache\local-pack
ages\Python311\site-packag
es\django\core\handlers\ba
se.py:61: UserWarning: No 
directory at: C:\Users\DEL
L\.gemini\antigravity\scra
tch\rockstar_swimming\stat
icfiles\
  mw_instance = middleware
(adapted_handler)
ERROR

==========================
==========================
==================
ERROR: test_coaches_loads 
(core.tests.RockstarViewTe
sts.test_coaches_loads)
--------------------------
--------------------------
------------------
Traceback (most recent 
call last):
  File "C:\Users\DELL\.gem
ini\antigravity\scratch\ro
ckstar_swimming\core\tests
.py", line 53, in 
test_coaches_loads
    response = self.client
.get(reverse('coaches'))
               ^^^^^^^^^^^
^^^^^^^^^^^^^^^^^^^^^^^^
  File "C:\Users\DELL\AppD
ata\Local\Packages\PythonS
oftwareFoundation.Python.3
.11_qbz5n2kfra8p0\LocalCac
he\local-packages\Python31
1\site-packages\django\tes
t\client.py", line 1129, 
in get
    response = 
super().get(
               
^^^^^^^^^^^^
  File "C:\Users\DELL\AppD
ata\Local\Packages\PythonS
oftwareFoundation.Python.3
.11_qbz5n2kfra8p0\LocalCac
he\local-packages\Python31
1\site-packages\django\tes
t\client.py", line 479, 
in get
    return self.generic(
           ^^^^^^^^^^^^^
  File "C:\Users\DELL\AppD
ata\Local\Packages\PythonS
oftwareFoundation.Python.3
.11_qbz5n2kfra8p0\LocalCac
he\local-packages\Python31
1\site-packages\django\tes
t\client.py", line 676, 
in generic
    return 
self.request(**r)
           
^^^^^^^^^^^^^^^^^
  File "C:\Users\DELL\AppD
ata\Local\Packages\PythonS
oftwareFoundation.Python.3
.11_qbz5n2kfra8p0\LocalCac
he\local-packages\Python31
1\site-packages\django\tes
t\client.py", line 1092, 
in request
    self.check_exception(r
esponse)
  File "C:\Users\DELL\AppD
ata\Local\Packages\PythonS
oftwareFoundation.Python.3
.11_qbz5n2kfra8p0\LocalCac
he\local-packages\Python31
1\site-packages\django\tes
t\client.py", line 805, 
in check_exception
    raise exc_value
  File "C:\Users\DELL\AppD
ata\Local\Packages\PythonS
oftwareFoundation.Python.3
.11_qbz5n2kfra8p0\LocalCac
he\local-packages\Python31
1\site-packages\django\cor
e\handlers\exception.py", 
line 55, in inner
    response = 
get_response(request)
               
^^^^^^^^^^^^^^^^^^^^^
  File "C:\Users\DELL\AppD
ata\Local\Packages\PythonS
oftwareFoundation.Python.3
.11_qbz5n2kfra8p0\LocalCac
he\local-packages\Python31
1\site-packages\django\cor
e\handlers\base.py", line 
197, in _get_response
    response = 
wrapped_callback(request, 
*callback_args, 
**callback_kwargs)
               ^^^^^^^^^^^
^^^^^^^^^^^^^^^^^^^^^^^^^^
^^^^^^^^^^^^^^^^^^^^^^^
  File "C:\Users\DELL\.gem
ini\antigravity\scratch\ro
ckstar_swimming\core\views
.py", line 28, in coaches
    return 
render(request, 
'coaches.html', 
{'coaches': coaches_list})
           ^^^^^^^^^^^^^^^
^^^^^^^^^^^^^^^^^^^^^^^^^^
^^^^^^^^^^^^^^^^^
  File "C:\Users\DELL\AppD
ata\Local\Packages\PythonS
oftwareFoundation.Python.3
.11_qbz5n2kfra8p0\LocalCac
he\local-packages\Python31
1\site-packages\django\sho
rtcuts.py", line 25, in 
render
    content = loader.rende
r_to_string(template_name,
 context, request, 
using=using)
              ^^^^^^^^^^^^
^^^^^^^^^^^^^^^^^^^^^^^^^^
^^^^^^^^^^^^^^^^^^^^^^^^^^
^^^^^
  File "C:\Users\DELL\AppD
ata\Local\Packages\PythonS
oftwareFoundation.Python.3
.11_qbz5n2kfra8p0\LocalCac
he\local-packages\Python31
1\site-packages\django\tem
plate\loader.py", line 
62, in render_to_string
    return 
template.render(context, 
request)
           ^^^^^^^^^^^^^^^
^^^^^^^^^^^^^^^^^^
  File "C:\Users\DELL\AppD
ata\Local\Packages\PythonS
oftwareFoundation.Python.3
.11_qbz5n2kfra8p0\LocalCac
he\local-packages\Python31
1\site-packages\django\tem
plate\backends\django.py",
 line 107, in render
    return self.template.r
ender(context)
           ^^^^^^^^^^^^^^^
^^^^^^^^^^^^^^
  File "C:\Users\DELL\AppD
ata\Local\Packages\PythonS
oftwareFoundation.Python.3
.11_qbz5n2kfra8p0\LocalCac
he\local-packages\Python31
1\site-packages\django\tem
plate\base.py", line 171, 
in render
    return 
self._render(context)
           
^^^^^^^^^^^^^^^^^^^^^
  File "C:\Users\DELL\AppD
ata\Local\Packages\PythonS
oftwareFoundation.Python.3
.11_qbz5n2kfra8p0\LocalCac
he\local-packages\Python31
1\site-packages\django\tes
t\utils.py", line 114, in 
instrumented_test_render
    return self.nodelist.r
ender(context)
           ^^^^^^^^^^^^^^^
^^^^^^^^^^^^^^
  File "C:\Users\DELL\AppD
ata\Local\Packages\PythonS
oftwareFoundation.Python.3
.11_qbz5n2kfra8p0\LocalCac
he\local-packages\Python31
1\site-packages\django\tem
plate\base.py", line 
1008, in render
    return SafeString("".j
oin([node.render_annotated
(context) for node in 
self]))
                          
    ^^^^^^^^^^^^^^^^^^^^^^
^^^^^^^^^^^^^^^^^^^^^^^^^^
^
  File "C:\Users\DELL\AppD
ata\Local\Packages\PythonS
oftwareFoundation.Python.3
.11_qbz5n2kfra8p0\LocalCac
he\local-packages\Python31
1\site-packages\django\tem
plate\base.py", line 
1008, in <listcomp>
    return SafeString("".j
oin([node.render_annotated
(context) for node in 
self]))
                          
     ^^^^^^^^^^^^^^^^^^^^^
^^^^^^^^^
  File "C:\Users\DELL\AppD
ata\Local\Packages\PythonS
oftwareFoundation.Python.3
.11_qbz5n2kfra8p0\LocalCac
he\local-packages\Python31
1\site-packages\django\tem
plate\base.py", line 969, 
in render_annotated
    return 
self.render(context)
           
^^^^^^^^^^^^^^^^^^^^
  File "C:\Users\DELL\AppD
ata\Local\Packages\PythonS
oftwareFoundation.Python.3
.11_qbz5n2kfra8p0\LocalCac
he\local-packages\Python31
1\site-packages\django\tem
plate\loader_tags.py", 
line 159, in render
    return compiled_parent
._render(context)
           ^^^^^^^^^^^^^^^
^^^^^^^^^^^^^^^^^
  File "C:\Users\DELL\AppD
ata\Local\Packages\PythonS
oftwareFoundation.Python.3
.11_qbz5n2kfra8p0\LocalCac
he\local-packages\Python31
1\site-packages\django\tes
t\utils.py", line 114, in 
instrumented_test_render
    return self.nodelist.r
ender(context)
           ^^^^^^^^^^^^^^^
^^^^^^^^^^^^^^
  File "C:\Users\DELL\AppD
ata\Local\Packages\PythonS
oftwareFoundation.Python.3
.11_qbz5n2kfra8p0\LocalCac
he\local-packages\Python31
1\site-packages\django\tem
plate\base.py", line 
1008, in render
    return SafeString("".j
oin([node.render_annotated
(context) for node in 
self]))
                          
    ^^^^^^^^^^^^^^^^^^^^^^
^^^^^^^^^^^^^^^^^^^^^^^^^^
^
  File "C:\Users\DELL\AppD
ata\Local\Packages\PythonS
oftwareFoundation.Python.3
.11_qbz5n2kfra8p0\LocalCac
he\local-packages\Python31
1\site-packages\django\tem
plate\base.py", line 
1008, in <listcomp>
    return SafeString("".j
oin([node.render_annotated
(context) for node in 
self]))
                          
     ^^^^^^^^^^^^^^^^^^^^^
^^^^^^^^^
  File "C:\Users\DELL\AppD
ata\Local\Packages\PythonS
oftwareFoundation.Python.3
.11_qbz5n2kfra8p0\LocalCac
he\local-packages\Python31
1\site-packages\django\tem
plate\base.py", line 969, 
in render_annotated
    return 
self.render(context)
           
^^^^^^^^^^^^^^^^^^^^
  File "C:\Users\DELL\AppD
ata\Local\Packages\PythonS
oftwareFoundation.Python.3
.11_qbz5n2kfra8p0\LocalCac
he\local-packages\Python31
1\site-packages\django\tem
platetags\static.py", 
line 116, in render
    url = 
self.url(context)
          
^^^^^^^^^^^^^^^^^
  File "C:\Users\DELL\AppD
ata\Local\Packages\PythonS
oftwareFoundation.Python.3
.11_qbz5n2kfra8p0\LocalCac
he\local-packages\Python31
1\site-packages\django\tem
platetags\static.py", 
line 113, in url
    return 
self.handle_simple(path)
           
^^^^^^^^^^^^^^^^^^^^^^^^
  File "C:\Users\DELL\AppD
ata\Local\Packages\PythonS
oftwareFoundation.Python.3
.11_qbz5n2kfra8p0\LocalCac
he\local-packages\Python31
1\site-packages\django\tem
platetags\static.py", 
line 129, in handle_simple
    return staticfiles_sto
rage.url(path)
           ^^^^^^^^^^^^^^^
^^^^^^^^^^^^^^
  File "C:\Users\DELL\AppD
ata\Local\Packages\PythonS
oftwareFoundation.Python.3
.11_qbz5n2kfra8p0\LocalCac
he\local-packages\Python31
1\site-packages\django\con
trib\staticfiles\storage.p
y", line 203, in url
    return self._url(self.
stored_name, name, force)
           ^^^^^^^^^^^^^^^
^^^^^^^^^^^^^^^^^^^^^^^^^
  File "C:\Users\DELL\AppD
ata\Local\Packages\PythonS
oftwareFoundation.Python.3
.11_qbz5n2kfra8p0\LocalCac
he\local-packages\Python31
1\site-packages\django\con
trib\staticfiles\storage.p
y", line 182, in _url
    hashed_name = 
hashed_name_func(*args)
                  
^^^^^^^^^^^^^^^^^^^^^^^
  File "C:\Users\DELL\AppD
ata\Local\Packages\PythonS
oftwareFoundation.Python.3
.11_qbz5n2kfra8p0\LocalCac
he\local-packages\Python31
1\site-packages\django\con
trib\staticfiles\storage.p
y", line 516, in 
stored_name
    raise ValueError(
ValueError: Missing 
staticfiles manifest 
entry for 'css/style.css'

--------------------------
--------------------------
------------------
Ran 4 tests in 1.454s

FAILED (errors=1)
Destroying test database 
for alias 'default' ('file
:memorydb_default?mode=mem
ory&cache=shared')...

